// Jest Snapshot v1, https://goo.gl/fbAQLP

exports[`renders correctly 1`] = `
Object {
  "Options": Object {
    "classNames": "",
    "columns": Array [],
    "items": Array [],
  },
  "html": "
<table class=\\"\\">
  <thead>
    <tr></tr>
  </thead>
  <tbody></tbody>
</table>
",
}
`;
